Archive member included to satisfy reference by file (symbol)

/opt/st/stm32cubeide_1.15.1/plugins/com.st.stm32cube.ide.mcu.externaltools.gnu-tools-for-stm32.12.3.rel1.linux64_1.0.100.202403111256/tools/bin/../lib/gcc/arm-none-eabi/12.3.1/../../../../arm-none-eabi/lib/thumb/v7e-m+fp/hard/libc_nano.a(libc_a-exit.o)
                              /opt/st/stm32cubeide_1.15.1/plugins/com.st.stm32cube.ide.mcu.externaltools.gnu-tools-for-stm32.12.3.rel1.linux64_1.0.100.202403111256/tools/bin/../lib/gcc/arm-none-eabi/12.3.1/../../../../arm-none-eabi/lib/thumb/v7e-m+fp/hard/crt0.o (exit)
/opt/st/stm32cubeide_1.15.1/plugins/com.st.stm32cube.ide.mcu.externaltools.gnu-tools-for-stm32.12.3.rel1.linux64_1.0.100.202403111256/tools/bin/../lib/gcc/arm-none-eabi/12.3.1/../../../../arm-none-eabi/lib/thumb/v7e-m+fp/hard/libc_nano.a(libc_a-findfp.o)
                              /opt/st/stm32cubeide_1.15.1/plugins/com.st.stm32cube.ide.mcu.externaltools.gnu-tools-for-stm32.12.3.rel1.linux64_1.0.100.202403111256/tools/bin/../lib/gcc/arm-none-eabi/12.3.1/../../../../arm-none-eabi/lib/thumb/v7e-m+fp/hard/libc_nano.a(libc_a-exit.o) (__stdio_exit_handler)
/opt/st/stm32cubeide_1.15.1/plugins/com.st.stm32cube.ide.mcu.externaltools.gnu-tools-for-stm32.12.3.rel1.linux64_1.0.100.202403111256/tools/bin/../lib/gcc/arm-none-eabi/12.3.1/../../../../arm-none-eabi/lib/thumb/v7e-m+fp/hard/libc_nano.a(libc_a-fwalk.o)
                              /opt/st/stm32cubeide_1.15.1/plugins/com.st.stm32cube.ide.mcu.externaltools.gnu-tools-for-stm32.12.3.rel1.linux64_1.0.100.202403111256/tools/bin/../lib/gcc/arm-none-eabi/12.3.1/../../../../arm-none-eabi/lib/thumb/v7e-m+fp/hard/libc_nano.a(libc_a-findfp.o) (_fwalk_sglue)
/opt/st/stm32cubeide_1.15.1/plugins/com.st.stm32cube.ide.mcu.externaltools.gnu-tools-for-stm32.12.3.rel1.linux64_1.0.100.202403111256/tools/bin/../lib/gcc/arm-none-eabi/12.3.1/../../../../arm-none-eabi/lib/thumb/v7e-m+fp/hard/libc_nano.a(libc_a-stdio.o)
                              /opt/st/stm32cubeide_1.15.1/plugins/com.st.stm32cube.ide.mcu.externaltools.gnu-tools-for-stm32.12.3.rel1.linux64_1.0.100.202403111256/tools/bin/../lib/gcc/arm-none-eabi/12.3.1/../../../../arm-none-eabi/lib/thumb/v7e-m+fp/hard/libc_nano.a(libc_a-findfp.o) (__sread)
/opt/st/stm32cubeide_1.15.1/plugins/com.st.stm32cube.ide.mcu.externaltools.gnu-tools-for-stm32.12.3.rel1.linux64_1.0.100.202403111256/tools/bin/../lib/gcc/arm-none-eabi/12.3.1/../../../../arm-none-eabi/lib/thumb/v7e-m+fp/hard/libc_nano.a(libc_a-memset.o)
                              /opt/st/stm32cubeide_1.15.1/plugins/com.st.stm32cube.ide.mcu.externaltools.gnu-tools-for-stm32.12.3.rel1.linux64_1.0.100.202403111256/tools/bin/../lib/gcc/arm-none-eabi/12.3.1/../../../../arm-none-eabi/lib/thumb/v7e-m+fp/hard/crt0.o (memset)
/opt/st/stm32cubeide_1.15.1/plugins/com.st.stm32cube.ide.mcu.externaltools.gnu-tools-for-stm32.12.3.rel1.linux64_1.0.100.202403111256/tools/bin/../lib/gcc/arm-none-eabi/12.3.1/../../../../arm-none-eabi/lib/thumb/v7e-m+fp/hard/libc_nano.a(libc_a-closer.o)
                              /opt/st/stm32cubeide_1.15.1/plugins/com.st.stm32cube.ide.mcu.externaltools.gnu-tools-for-stm32.12.3.rel1.linux64_1.0.100.202403111256/tools/bin/../lib/gcc/arm-none-eabi/12.3.1/../../../../arm-none-eabi/lib/thumb/v7e-m+fp/hard/libc_nano.a(libc_a-stdio.o) (_close_r)
/opt/st/stm32cubeide_1.15.1/plugins/com.st.stm32cube.ide.mcu.externaltools.gnu-tools-for-stm32.12.3.rel1.linux64_1.0.100.202403111256/tools/bin/../lib/gcc/arm-none-eabi/12.3.1/../../../../arm-none-eabi/lib/thumb/v7e-m+fp/hard/libc_nano.a(libc_a-reent.o)
                              /opt/st/stm32cubeide_1.15.1/plugins/com.st.stm32cube.ide.mcu.externaltools.gnu-tools-for-stm32.12.3.rel1.linux64_1.0.100.202403111256/tools/bin/../lib/gcc/arm-none-eabi/12.3.1/../../../../arm-none-eabi/lib/thumb/v7e-m+fp/hard/libc_nano.a(libc_a-closer.o) (errno)
/opt/st/stm32cubeide_1.15.1/plugins/com.st.stm32cube.ide.mcu.externaltools.gnu-tools-for-stm32.12.3.rel1.linux64_1.0.100.202403111256/tools/bin/../lib/gcc/arm-none-eabi/12.3.1/../../../../arm-none-eabi/lib/thumb/v7e-m+fp/hard/libc_nano.a(libc_a-impure.o)
                              /opt/st/stm32cubeide_1.15.1/plugins/com.st.stm32cube.ide.mcu.externaltools.gnu-tools-for-stm32.12.3.rel1.linux64_1.0.100.202403111256/tools/bin/../lib/gcc/arm-none-eabi/12.3.1/../../../../arm-none-eabi/lib/thumb/v7e-m+fp/hard/libc_nano.a(libc_a-reent.o) (_impure_ptr)
/opt/st/stm32cubeide_1.15.1/plugins/com.st.stm32cube.ide.mcu.externaltools.gnu-tools-for-stm32.12.3.rel1.linux64_1.0.100.202403111256/tools/bin/../lib/gcc/arm-none-eabi/12.3.1/../../../../arm-none-eabi/lib/thumb/v7e-m+fp/hard/libc_nano.a(libc_a-lseekr.o)
                              /opt/st/stm32cubeide_1.15.1/plugins/com.st.stm32cube.ide.mcu.externaltools.gnu-tools-for-stm32.12.3.rel1.linux64_1.0.100.202403111256/tools/bin/../lib/gcc/arm-none-eabi/12.3.1/../../../../arm-none-eabi/lib/thumb/v7e-m+fp/hard/libc_nano.a(libc_a-stdio.o) (_lseek_r)
[...]
Memory Configuration

Name             Origin             Length             Attributes
CCMRAM           0x10000000         0x00010000         xrw
RAM              0x20000000         0x00020000         xrw
FLASH            0x08000000         0x00100000         xr
*default*        0x00000000         0xffffffff

Linker script and memory map

LOAD /opt/st/stm32cubeide_1.15.1/plugins/com.st.stm32cube.ide.mcu.externaltools.gnu-tools-for-stm32.12.3.rel1.linux64_1.0.100.202403111256/tools/bin/../lib/gcc/arm-none-eabi/12.3.1/thumb/v7e-m+fp/hard/crti.o
LOAD /opt/st/stm32cubeide_1.15.1/plugins/com.st.stm32cube.ide.mcu.externaltools.gnu-tools-for-stm32.12.3.rel1.linux64_1.0.100.202403111256/tools/bin/../lib/gcc/arm-none-eabi/12.3.1/thumb/v7e-m+fp/hard/crtbegin.o
LOAD /opt/st/stm32cubeide_1.15.1/plugins/com.st.stm32cube.ide.mcu.externaltools.gnu-tools-for-stm32.12.3.rel1.linux64_1.0.100.202403111256/tools/bin/../lib/gcc/arm-none-eabi/12.3.1/../../../../arm-none-eabi/lib/thumb/v7e-m+fp/hard/crt0.o
LOAD ./Src/debugger_driver.o
LOAD ./Src/gpio_driver.o
LOAD ./Src/main.o
LOAD ./Src/rcc_driver.o
LOAD ./Src/syscalls.o
LOAD ./Src/sysmem.o
LOAD ./Src/uart_driver.o
LOAD ./Startup/startup_stm32f407vgtx.o
START GROUP
LOAD /opt/st/stm32cubeide_1.15.1/plugins/com.st.stm32cube.ide.mcu.externaltools.gnu-tools-for-stm32.12.3.rel1.linux64_1.0.100.202403111256/tools/bin/../lib/gcc/arm-none-eabi/12.3.1/../../../../arm-none-eabi/lib/thumb/v7e-m+fp/hard/libc_nano.a
LOAD /opt/st/stm32cubeide_1.15.1/plugins/com.st.stm32cube.ide.mcu.externaltools.gnu-tools-for-stm32.12.3.rel1.linux64_1.0.100.202403111256/tools/bin/../lib/gcc/arm-none-eabi/12.3.1/../../../../arm-none-eabi/lib/thumb/v7e-m+fp/hard/libm.a
END GROUP
START GROUP
LOAD /opt/st/stm32cubeide_1.15.1/plugins/com.st.stm32cube.ide.mcu.externaltools.gnu-tools-for-stm32.12.3.rel1.linux64_1.0.100.202403111256/tools/bin/../lib/gcc/arm-none-eabi/12.3.1/thumb/v7e-m+fp/hard/libgcc.a
LOAD /opt/st/stm32cubeide_1.15.1/plugins/com.st.stm32cube.ide.mcu.externaltools.gnu-tools-for-stm32.12.3.rel1.linux64_1.0.100.202403111256/tools/bin/../lib/gcc/arm-none-eabi/12.3.1/../../../../arm-none-eabi/lib/thumb/v7e-m+fp/hard/libc_nano.a
END GROUP
START GROUP
LOAD /opt/st/stm32cubeide_1.15.1/plugins/com.st.stm32cube.ide.mcu.externaltools.gnu-tools-for-stm32.12.3.rel1.linux64_1.0.100.202403111256/tools/bin/../lib/gcc/arm-none-eabi/12.3.1/thumb/v7e-m+fp/hard/libgcc.a
LOAD /opt/st/stm32cubeide_1.15.1/plugins/com.st.stm32cube.ide.mcu.externaltools.gnu-tools-for-stm32.12.3.rel1.linux64_1.0.100.202403111256/tools/bin/../lib/gcc/arm-none-eabi/12.3.1/../../../../arm-none-eabi/lib/thumb/v7e-m+fp/hard/libc_nano.a
LOAD /opt/st/stm32cubeide_1.15.1/plugins/com.st.stm32cube.ide.mcu.externaltools.gnu-tools-for-stm32.12.3.rel1.linux64_1.0.100.202403111256/tools/bin/../lib/gcc/arm-none-eabi/12.3.1/../../../../arm-none-eabi/lib/thumb/v7e-m+fp/hard/libnosys.a
END GROUP
START GROUP
LOAD /opt/st/stm32cubeide_1.15.1/plugins/com.st.stm32cube.ide.mcu.externaltools.gnu-tools-for-stm32.12.3.rel1.linux64_1.0.100.202403111256/tools/bin/../lib/gcc/arm-none-eabi/12.3.1/thumb/v7e-m+fp/hard/libgcc.a
LOAD /opt/st/stm32cubeide_1.15.1/plugins/com.st.stm32cube.ide.mcu.externaltools.gnu-tools-for-stm32.12.3.rel1.linux64_1.0.100.202403111256/tools/bin/../lib/gcc/arm-none-eabi/12.3.1/../../../../arm-none-eabi/lib/thumb/v7e-m+fp/hard/libc_nano.a
LOAD /opt/st/stm32cubeide_1.15.1/plugins/com.st.stm32cube.ide.mcu.externaltools.gnu-tools-for-stm32.12.3.rel1.linux64_1.0.100.202403111256/tools/bin/../lib/gcc/arm-none-eabi/12.3.1/../../../../arm-none-eabi/lib/thumb/v7e-m+fp/hard/libnosys.a
END GROUP
LOAD /opt/st/stm32cubeide_1.15.1/plugins/com.st.stm32cube.ide.mcu.externaltools.gnu-tools-for-stm32.12.3.rel1.linux64_1.0.100.202403111256/tools/bin/../lib/gcc/arm-none-eabi/12.3.1/thumb/v7e-m+fp/hard/crtend.o
LOAD /opt/st/stm32cubeide_1.15.1/plugins/com.st.stm32cube.ide.mcu.externaltools.gnu-tools-for-stm32.12.3.rel1.linux64_1.0.100.202403111256/tools/bin/../lib/gcc/arm-none-eabi/12.3.1/thumb/v7e-m+fp/hard/crtn.o
                0x20020000                        _estack = (ORIGIN (RAM) + LENGTH (RAM))
                0x00000200                        _Min_Heap_Size = 0x200
                0x00000400                        _Min_Stack_Size = 0x400

.isr_vector     0x08000000      0x188
                0x08000000                        . = ALIGN (0x4)
 *(.isr_vector)
 .isr_vector    0x08000000      0x188 ./Startup/startup_stm32f407vgtx.o
                0x08000000                g_pfnVectors
                0x08000188                        . = ALIGN (0x4)

.text           0x08000188      0x910
                0x08000188                        . = ALIGN (0x4)
 *(.text)
 .text          0x08000188       0x40 /opt/st/stm32cubeide_1.15.1/plugins/com.st.stm32cube.ide.mcu.externaltools.gnu-tools-for-stm32.12.3.rel1.linux64_1.0.100.202403111256/tools/bin/../lib/gcc/arm-none-eabi/12.3.1/thumb/v7e-m+fp/hard/crtbegin.o
 *(.text*)
 .text.capture_cpu_state
                0x080001c8      0x2d8 ./Src/debugger_driver.o
                0x080001c8                capture_cpu_state
 .text.debug_handler
                0x080004a0       0xa4 ./Src/debugger_driver.o
                0x080004a0                debug_handler
 .text.GPIOA_Init
                0x08000544       0x84 ./Src/gpio_driver.o
                0x08000544                GPIOA_Init
 .text.main     0x080005c8       0x24 ./Src/main.o
                0x080005c8                main
 .text.printMenu
                0x080005ec       0x80 ./Src/main.o
                0x080005ec                printMenu
 .text.spinnerTask
                0x0800066c       0x7c ./Src/main.o
                0x0800066c                spinnerTask
 .text.RCC_GetPCLK1Value
                0x080006e8       0xb0 ./Src/rcc_driver.o
                0x080006e8                RCC_GetPCLK1Value
 .text.RCC_GetPLLOutputClock
                0x08000798       0x10 ./Src/rcc_driver.o
                0x08000798                RCC_GetPLLOutputClock
 .text.USART_Init
                0x080007a8       0x60 ./Src/uart_driver.o
                0x080007a8                USART_Init
 .text.USART_SetBaudRate
                0x08000808       0x80 ./Src/uart_driver.o
                0x08000808                USART_SetBaudRate
 .text.USART_GetFlagStatus
                0x08000888       0x2a ./Src/uart_driver.o
                0x08000888                USART_GetFlagStatus
 .text.USART_SendChar
                0x080008b2       0x2a ./Src/uart_driver.o
                0x080008b2                USART_SendChar
 .text.USART_SendString
                0x080008dc       0x2e ./Src/uart_driver.o
                0x080008dc                USART_SendString
 *fill*         0x0800090a        0x2 
 .text.USART_SendHex
                0x0800090c       0x60 ./Src/uart_driver.o
                0x0800090c                USART_SendHex
 .text.USART_InterrputConfig
                0x0800096c       0x20 ./Src/uart_driver.o
                0x0800096c                USART_InterrputConfig
 .text.USART2_IRQHandler
                0x0800098c       0x34 ./Src/uart_driver.o
                0x0800098c                USART2_IRQHandler
 .text.run_debugger
                0x080009c0       0x24 ./Src/uart_driver.o
                0x080009c0                run_debugger
 .text.Reset_Handler
                0x080009e4       0x50 ./Startup/startup_stm32f407vgtx.o
                0x080009e4                Reset_Handler
 .text.Default_Handler
                0x08000a34        0x2 ./Startup/startup_stm32f407vgtx.o
                0x08000a34                RTC_Alarm_IRQHandler
                0x08000a34                HASH_RNG_IRQHandler
                0x08000a34                EXTI2_IRQHandler
                0x08000a34                TIM8_CC_IRQHandler
                0x08000a34                DebugMon_Handler
                0x08000a34                TIM1_CC_IRQHandler
                0x08000a34                DMA2_Stream5_IRQHandler
                0x08000a34                HardFault_Handler
                0x08000a34                DMA1_Stream5_IRQHandler
                0x08000a34                SysTick_Handler
                0x08000a34                PVD_IRQHandler
                0x08000a34                SDIO_IRQHandler
                0x08000a34                TAMP_STAMP_IRQHandler
                0x08000a34                PendSV_Handler
                0x08000a34                NMI_Handler
                0x08000a34                CAN2_RX1_IRQHandler
                0x08000a34                EXTI3_IRQHandler
                0x08000a34                TIM8_TRG_COM_TIM14_IRQHandler
                0x08000a34                TIM1_UP_TIM10_IRQHandler
                0x08000a34                TIM8_UP_TIM13_IRQHandler
                0x08000a34                I2C3_ER_IRQHandler
                0x08000a34                EXTI0_IRQHandler
                0x08000a34                I2C2_EV_IRQHandler
                0x08000a34                DMA1_Stream2_IRQHandler
                0x08000a34                CAN1_RX0_IRQHandler
                0x08000a34                FPU_IRQHandler
                0x08000a34                OTG_HS_WKUP_IRQHandler
                0x08000a34                UsageFault_Handler
                0x08000a34                CAN2_SCE_IRQHandler
                0x08000a34                DMA2_Stream2_IRQHandler
                0x08000a34                SPI1_IRQHandler
                0x08000a34                TIM6_DAC_IRQHandler
                0x08000a34                TIM1_BRK_TIM9_IRQHandler
                0x08000a34                DCMI_IRQHandler
                0x08000a34                CAN2_RX0_IRQHandler
                0x08000a34                DMA2_Stream3_IRQHandler
                0x08000a34                USART6_IRQHandler
                0x08000a34                USART3_IRQHandler
                0x08000a34                CRYP_IRQHandler
                0x08000a34                CAN1_RX1_IRQHandler
                0x08000a34                UART5_IRQHandler
                0x08000a34                DMA2_Stream0_IRQHandler
                0x08000a34                TIM4_IRQHandler
                0x08000a34                I2C1_EV_IRQHandler
                0x08000a34                DMA1_Stream6_IRQHandler
                0x08000a34                DMA1_Stream1_IRQHandler
                0x08000a34                UART4_IRQHandler
                0x08000a34                TIM3_IRQHandler
                0x08000a34                RCC_IRQHandler
                0x08000a34                TIM8_BRK_TIM12_IRQHandler
                0x08000a34                Default_Handler
                0x08000a34                EXTI15_10_IRQHandler
                0x08000a34                ADC_IRQHandler
                0x08000a34                DMA1_Stream7_IRQHandler
                0x08000a34                TIM7_IRQHandler
                0x08000a34                CAN2_TX_IRQHandler
                0x08000a34                TIM5_IRQHandler
                0x08000a34                DMA2_Stream7_IRQHandler
                0x08000a34                I2C3_EV_IRQHandler
                0x08000a34                EXTI9_5_IRQHandler
                0x08000a34                RTC_WKUP_IRQHandler
                0x08000a34                ETH_WKUP_IRQHandler
                0x08000a34                SPI2_IRQHandler
                0x08000a34                OTG_HS_EP1_IN_IRQHandler
                0x08000a34                MemManage_Handler
                0x08000a34                DMA1_Stream0_IRQHandler
                0x08000a34                CAN1_TX_IRQHandler
                0x08000a34                SVC_Handler
                0x08000a34                EXTI4_IRQHandler
                0x08000a34                FSMC_IRQHandler
                0x08000a34                ETH_IRQHandler
                0x08000a34                OTG_HS_EP1_OUT_IRQHandler
                0x08000a34                WWDG_IRQHandler
                0x08000a34                TIM2_IRQHandler
                0x08000a34                OTG_FS_WKUP_IRQHandler
                0x08000a34                TIM1_TRG_COM_TIM11_IRQHandler
                0x08000a34                OTG_HS_IRQHandler
                0x08000a34                EXTI1_IRQHandler
                0x08000a34                I2C2_ER_IRQHandler
                0x08000a34                DMA2_Stream1_IRQHandler
                0x08000a34                CAN1_SCE_IRQHandler
                0x08000a34                DMA2_Stream4_IRQHandler
                0x08000a34                BusFault_Handler
                0x08000a34                USART1_IRQHandler
                0x08000a34                OTG_FS_IRQHandler
                0x08000a34                SPI3_IRQHandler
                0x08000a34                DMA1_Stream4_IRQHandler
                0x08000a34                I2C1_ER_IRQHandler
                0x08000a34                DMA2_Stream6_IRQHandler
                0x08000a34                DMA1_Stream3_IRQHandler
 *fill*         0x08000a36        0x2 
 .text.__libc_init_array
                0x08000a38       0x48 /opt/st/stm32cubeide_1.15.1/plugins/com.st.stm32cube.ide.mcu.externaltools.gnu-tools-for-stm32.12.3.rel1.linux64_1.0.100.202403111256/tools/bin/../lib/gcc/arm-none-eabi/12.3.1/../../../../arm-none-eabi/lib/thumb/v7e-m+fp/hard/libc_nano.a(libc_a-init.o)
                0x08000a38                __libc_init_array
 *(.glue_7)
 .glue_7        0x08000a80        0x0 linker stubs
 *(.glue_7t)
 .glue_7t       0x08000a80        0x0 linker stubs
 *(.eh_frame)
 .eh_frame      0x08000a80        0x0 /opt/st/stm32cubeide_1.15.1/plugins/com.st.stm32cube.ide.mcu.externaltools.gnu-tools-for-stm32.12.3.rel1.linux64_1.0.100.202403111256/tools/bin/../lib/gcc/arm-none-eabi/12.3.1/thumb/v7e-m+fp/hard/crtbegin.o
 *(.init)
 .init          0x08000a80        0x4 /opt/st/stm32cubeide_1.15.1/plugins/com.st.stm32cube.ide.mcu.externaltools.gnu-tools-for-stm32.12.3.rel1.linux64_1.0.100.202403111256/tools/bin/../lib/gcc/arm-none-eabi/12.3.1/thumb/v7e-m+fp/hard/crti.o
                0x08000a80                _init
 .init          0x08000a84        0x8 /opt/st/stm32cubeide_1.15.1/plugins/com.st.stm32cube.ide.mcu.externaltools.gnu-tools-for-stm32.12.3.rel1.linux64_1.0.100.202403111256/tools/bin/../lib/gcc/arm-none-eabi/12.3.1/thumb/v7e-m+fp/hard/crtn.o
 *(.fini)
 .fini          0x08000a8c        0x4 /opt/st/stm32cubeide_1.15.1/plugins/com.st.stm32cube.ide.mcu.externaltools.gnu-tools-for-stm32.12.3.rel1.linux64_1.0.100.202403111256/tools/bin/../lib/gcc/arm-none-eabi/12.3.1/thumb/v7e-m+fp/hard/crti.o
                0x08000a8c                _fini
 .fini          0x08000a90        0x8 /opt/st/stm32cubeide_1.15.1/plugins/com.st.stm32cube.ide.mcu.externaltools.gnu-tools-for-stm32.12.3.rel1.linux64_1.0.100.202403111256/tools/bin/../lib/gcc/arm-none-eabi/12.3.1/thumb/v7e-m+fp/hard/crtn.o
                0x08000a98                        . = ALIGN (0x4)
                0x08000a98                        _etext = .

.vfp11_veneer   0x08000a98        0x0
 .vfp11_veneer  0x08000a98        0x0 linker stubs

.v4_bx          0x08000a98        0x0
 .v4_bx         0x08000a98        0x0 linker stubs

.iplt           0x08000a98        0x0
 .iplt          0x08000a98        0x0 /opt/st/stm32cubeide_1.15.1/plugins/com.st.stm32cube.ide.mcu.externaltools.gnu-tools-for-stm32.12.3.rel1.linux64_1.0.100.202403111256/tools/bin/../lib/gcc/arm-none-eabi/12.3.1/thumb/v7e-m+fp/hard/crtbegin.o

.rodata         0x08000a98      0x330
                0x08000a98                        . = ALIGN (0x4)
 *(.rodata)
 .rodata        0x08000a98      0x1c9 ./Src/debugger_driver.o
 *fill*         0x08000c61        0x3 
 .rodata        0x08000c64      0x14b ./Src/main.o
 *fill*         0x08000daf        0x1 
 .rodata        0x08000db0       0x11 ./Src/uart_driver.o
 *(.rodata*)
 *fill*         0x08000dc1        0x3 
 .rodata.spinner.0
                0x08000dc4        0x4 ./Src/main.o
                0x08000dc8                        . = ALIGN (0x4)

.ARM.extab      0x08000dc8        0x0
                0x08000dc8                        . = ALIGN (0x4)
 *(.ARM.extab* .gnu.linkonce.armextab.*)
                0x08000dc8                        . = ALIGN (0x4)

.ARM            0x08000dc8        0x0
                0x08000dc8                        . = ALIGN (0x4)
                0x08000dc8                        __exidx_start = .
 *(.ARM.exidx*)
                0x08000dc8                        __exidx_end = .
                0x08000dc8                        . = ALIGN (0x4)

.preinit_array  0x08000dc8        0x0
                0x08000dc8                        . = ALIGN (0x4)
                0x08000dc8                        PROVIDE (__preinit_array_start = .)
 *(.preinit_array*)
                0x08000dc8                        PROVIDE (__preinit_array_end = .)
                0x08000dc8                        . = ALIGN (0x4)

.init_array     0x08000dc8        0x4
                0x08000dc8                        . = ALIGN (0x4)
                0x08000dc8                        PROVIDE (__init_array_start = .)
 *(SORT_BY_NAME(.init_array.*))
 *(.init_array*)
 .init_array    0x08000dc8        0x4 /opt/st/stm32cubeide_1.15.1/plugins/com.st.stm32cube.ide.mcu.externaltools.gnu-tools-for-stm32.12.3.rel1.linux64_1.0.100.202403111256/tools/bin/../lib/gcc/arm-none-eabi/12.3.1/thumb/v7e-m+fp/hard/crtbegin.o
                0x08000dcc                        PROVIDE (__init_array_end = .)
                0x08000dcc                        . = ALIGN (0x4)

.fini_array     0x08000dcc        0x4
                0x08000dcc                        . = ALIGN (0x4)
                [!provide]                        PROVIDE (__fini_array_start = .)
 *(SORT_BY_NAME(.fini_array.*))
 *(.fini_array*)
 .fini_array    0x08000dcc        0x4 /opt/st/stm32cubeide_1.15.1/plugins/com.st.stm32cube.ide.mcu.externaltools.gnu-tools-for-stm32.12.3.rel1.linux64_1.0.100.202403111256/tools/bin/../lib/gcc/arm-none-eabi/12.3.1/thumb/v7e-m+fp/hard/crtbegin.o
                [!provide]                        PROVIDE (__fini_array_end = .)
                0x08000dd0                        . = ALIGN (0x4)
                0x08000dd0                        _sidata = LOADADDR (.data)

.rel.dyn        0x08000dd0        0x0
 .rel.iplt      0x08000dd0        0x0 /opt/st/stm32cubeide_1.15.1/plugins/com.st.stm32cube.ide.mcu.externaltools.gnu-tools-for-stm32.12.3.rel1.linux64_1.0.100.202403111256/tools/bin/../lib/gcc/arm-none-eabi/12.3.1/thumb/v7e-m+fp/hard/crtbegin.o

.data           0x20000000       0x1c load address 0x08000dd0
                0x20000000                        . = ALIGN (0x4)
                0x20000000                        _sdata = .
 *(.data)
 *(.data*)
 .data.state    0x20000000        0x4 ./Src/debugger_driver.o
                0x20000000                state
 .data.pUSART   0x20000004        0x4 ./Src/debugger_driver.o
                0x20000004                pUSART
 .data.AHB_PreScaler
                0x20000008       0x10 ./Src/rcc_driver.o
                0x20000008                AHB_PreScaler
 .data.APB1_PreScaler
                0x20000018        0x4 ./Src/rcc_driver.o
                0x20000018                APB1_PreScaler
 *(.RamFunc)
 *(.RamFunc*)
                0x2000001c                        . = ALIGN (0x4)
                0x2000001c                        _edata = .
                0x08000dec                        _siccmram = LOADADDR (.ccmram)

.igot.plt       0x2000001c        0x0 load address 0x08000dec
 .igot.plt      0x2000001c        0x0 /opt/st/stm32cubeide_1.15.1/plugins/com.st.stm32cube.ide.mcu.externaltools.gnu-tools-for-stm32.12.3.rel1.linux64_1.0.100.202403111256/tools/bin/../lib/gcc/arm-none-eabi/12.3.1/thumb/v7e-m+fp/hard/crtbegin.o

.ccmram         0x10000000        0x0 load address 0x08000dec
                0x10000000                        . = ALIGN (0x4)
                0x10000000                        _sccmram = .
 *(.ccmram)
 *(.ccmram*)
                0x10000000                        . = ALIGN (0x4)
                0x10000000                        _eccmram = .
                0x10000000                        . = ALIGN (0x4)

.bss            0x2000001c       0x74
                0x2000001c                        _sbss = .
                0x2000001c                        __bss_start__ = _sbss
 *(.bss)
 .bss           0x2000001c       0x1c /opt/st/stm32cubeide_1.15.1/plugins/com.st.stm32cube.ide.mcu.externaltools.gnu-tools-for-stm32.12.3.rel1.linux64_1.0.100.202403111256/tools/bin/../lib/gcc/arm-none-eabi/12.3.1/thumb/v7e-m+fp/hard/crtbegin.o
 *(.bss*)
 .bss.cpu_state
                0x20000038       0x50 ./Src/debugger_driver.o
                0x20000038                cpu_state
 .bss.delayCounter.2
                0x20000088        0x4 ./Src/main.o
 .bss.index.1   0x2000008c        0x1 ./Src/main.o
 *(COMMON)
                0x20000090                        . = ALIGN (0x4)
 *fill*         0x2000008d        0x3 
                0x20000090                        _ebss = .
                0x20000090                        __bss_end__ = _ebss

._user_heap_stack
                0x20000090      0x600
                0x20000090                        . = ALIGN (0x8)
                [!provide]                        PROVIDE (end = .)
                0x20000090                        PROVIDE (_end = .)
                0x20000290                        . = (. + _Min_Heap_Size)
 *fill*         0x20000090      0x200 
                0x20000690                        . = (. + _Min_Stack_Size)
 *fill*         0x20000290      0x400 
                0x20000690                        . = ALIGN (0x8)

/DISCARD/
 libc.a(*)
 libm.a(*)
 libgcc.a(*)

.ARM.attributes
                0x00000000       0x30
 *(.ARM.attributes)
 .ARM.attributes
                0x00000000       0x22 /opt/st/stm32cubeide_1.15.1/plugins/com.st.stm32cube.ide.mcu.externaltools.gnu-tools-for-stm32.12.3.rel1.linux64_1.0.100.202403111256/tools/bin/../lib/gcc/arm-none-eabi/12.3.1/thumb/v7e-m+fp/hard/crti.o
 .ARM.attributes
                0x00000022       0x34 /opt/st/stm32cubeide_1.15.1/plugins/com.st.stm32cube.ide.mcu.externaltools.gnu-tools-for-stm32.12.3.rel1.linux64_1.0.100.202403111256/tools/bin/../lib/gcc/arm-none-eabi/12.3.1/thumb/v7e-m+fp/hard/crtbegin.o
 .ARM.attributes
                0x00000056       0x34 ./Src/debugger_driver.o
 .ARM.attributes
                0x0000008a       0x34 ./Src/gpio_driver.o
 .ARM.attributes
                0x000000be       0x34 ./Src/main.o
 .ARM.attributes
                0x000000f2       0x34 ./Src/rcc_driver.o
 .ARM.attributes
                0x00000126       0x34 ./Src/uart_driver.o
 .ARM.attributes
                0x0000015a       0x21 ./Startup/startup_stm32f407vgtx.o
 .ARM.attributes
                0x0000017b       0x34 /opt/st/stm32cubeide_1.15.1/plugins/com.st.stm32cube.ide.mcu.externaltools.gnu-tools-for-stm32.12.3.rel1.linux64_1.0.100.202403111256/tools/bin/../lib/gcc/arm-none-eabi/12.3.1/../../../../arm-none-eabi/lib/thumb/v7e-m+fp/hard/libc_nano.a(libc_a-init.o)
 .ARM.attributes
                0x000001af       0x22 /opt/st/stm32cubeide_1.15.1/plugins/com.st.stm32cube.ide.mcu.externaltools.gnu-tools-for-stm32.12.3.rel1.linux64_1.0.100.202403111256/tools/bin/../lib/gcc/arm-none-eabi/12.3.1/thumb/v7e-m+fp/hard/crtn.o
OUTPUT(Mini-Debugger.elf elf32-littlearm)
LOAD linker stubs
LOAD /opt/st/stm32cubeide_1.15.1/plugins/com.st.stm32cube.ide.mcu.externaltools.gnu-tools-for-stm32.12.3.rel1.linux64_1.0.100.202403111256/tools/bin/../lib/gcc/arm-none-eabi/12.3.1/../../../../arm-none-eabi/lib/thumb/v7e-m+fp/hard/libc.a
LOAD /opt/st/stm32cubeide_1.15.1/plugins/com.st.stm32cube.ide.mcu.externaltools.gnu-tools-for-stm32.12.3.rel1.linux64_1.0.100.202403111256/tools/bin/../lib/gcc/arm-none-eabi/12.3.1/../../../../arm-none-eabi/lib/thumb/v7e-m+fp/hard/libm.a
LOAD /opt/st/stm32cubeide_1.15.1/plugins/com.st.stm32cube.ide.mcu.externaltools.gnu-tools-for-stm32.12.3.rel1.linux64_1.0.100.202403111256/tools/bin/../lib/gcc/arm-none-eabi/12.3.1/thumb/v7e-m+fp/hard/libgcc.a

.debug_info     0x00000000     0x10ae
 .debug_info    0x00000000      0x2b0 ./Src/debugger_driver.o
 .debug_info    0x000002b0      0x2f5 ./Src/gpio_driver.o
 .debug_info    0x000005a5      0x219 ./Src/main.o
 .debug_info    0x000007be      0x393 ./Src/rcc_driver.o
 .debug_info    0x00000b51      0x52d ./Src/uart_driver.o
 .debug_info    0x0000107e       0x30 ./Startup/startup_stm32f407vgtx.o

.debug_abbrev   0x00000000      0x5e4
 .debug_abbrev  0x00000000      0x137 ./Src/debugger_driver.o
 .debug_abbrev  0x00000137       0xa3 ./Src/gpio_driver.o
 .debug_abbrev  0x000001da      0x13d ./Src/main.o
 .debug_abbrev  0x00000317      0x113 ./Src/rcc_driver.o
 .debug_abbrev  0x0000042a      0x196 ./Src/uart_driver.o
 .debug_abbrev  0x000005c0       0x24 ./Startup/startup_stm32f407vgtx.o

.debug_aranges  0x00000000      0x130
 .debug_aranges
                0x00000000       0x28 ./Src/debugger_driver.o
 .debug_aranges
                0x00000028       0x20 ./Src/gpio_driver.o
 .debug_aranges
                0x00000048       0x30 ./Src/main.o
 .debug_aranges
                0x00000078       0x30 ./Src/rcc_driver.o
 .debug_aranges
                0x000000a8       0x60 ./Src/uart_driver.o
 .debug_aranges
                0x00000108       0x28 ./Startup/startup_stm32f407vgtx.o

.debug_rnglists
                0x00000000       0xcd
 .debug_rnglists
                0x00000000       0x1b ./Src/debugger_driver.o
 .debug_rnglists
                0x0000001b       0x14 ./Src/gpio_driver.o
 .debug_rnglists
                0x0000002f       0x20 ./Src/main.o
 .debug_rnglists
                0x0000004f       0x21 ./Src/rcc_driver.o
 .debug_rnglists
                0x00000070       0x44 ./Src/uart_driver.o
 .debug_rnglists
                0x000000b4       0x19 ./Startup/startup_stm32f407vgtx.o

.debug_macro    0x00000000     0x1659
 .debug_macro   0x00000000       0xa6 ./Src/debugger_driver.o
 .debug_macro   0x000000a6      0xac0 ./Src/debugger_driver.o
 .debug_macro   0x00000b66       0x22 ./Src/debugger_driver.o
 .debug_macro   0x00000b88       0x8e ./Src/debugger_driver.o
 .debug_macro   0x00000c16       0x51 ./Src/debugger_driver.o
 .debug_macro   0x00000c67      0x103 ./Src/debugger_driver.o
 .debug_macro   0x00000d6a       0x6a ./Src/debugger_driver.o
 .debug_macro   0x00000dd4      0x1df ./Src/debugger_driver.o
 .debug_macro   0x00000fb3      0x189 ./Src/debugger_driver.o
 .debug_macro   0x0000113c      0x251 ./Src/debugger_driver.o
 .debug_macro   0x0000138d       0x34 ./Src/debugger_driver.o
 .debug_macro   0x000013c1       0xa6 ./Src/gpio_driver.o
 .debug_macro   0x00001467       0xa6 ./Src/main.o
 .debug_macro   0x0000150d       0xa6 ./Src/rcc_driver.o
 .debug_macro   0x000015b3       0xa6 ./Src/uart_driver.o

.debug_line     0x00000000     0x177f
 .debug_line    0x00000000      0x4ec ./Src/debugger_driver.o
 .debug_line    0x000004ec      0x402 ./Src/gpio_driver.o
 .debug_line    0x000008ee      0x426 ./Src/main.o
 .debug_line    0x00000d14      0x49b ./Src/rcc_driver.o
 .debug_line    0x000011af      0x555 ./Src/uart_driver.o
 .debug_line    0x00001704       0x7b ./Startup/startup_stm32f407vgtx.o

.debug_str      0x00000000     0x4c38
 .debug_str     0x00000000     0x48cb ./Src/debugger_driver.o
                               0x4ab6 (size before relaxing)
 .debug_str     0x000048cb      0x170 ./Src/gpio_driver.o
                               0x4b3e (size before relaxing)
 .debug_str     0x00004a3b       0x56 ./Src/main.o
                               0x4a77 (size before relaxing)
 .debug_str     0x00004a91       0xb8 ./Src/rcc_driver.o
                               0x4bc3 (size before relaxing)
 .debug_str     0x00004b49       0xb0 ./Src/uart_driver.o
                               0x4c3c (size before relaxing)
 .debug_str     0x00004bf9       0x3f ./Startup/startup_stm32f407vgtx.o
                                 0x71 (size before relaxing)

.comment        0x00000000       0x43
 .comment       0x00000000       0x43 ./Src/debugger_driver.o
                                 0x44 (size before relaxing)
 .comment       0x00000043       0x44 ./Src/gpio_driver.o
 .comment       0x00000043       0x44 ./Src/main.o
 .comment       0x00000043       0x44 ./Src/rcc_driver.o
 .comment       0x00000043       0x44 ./Src/uart_driver.o

.debug_frame    0x00000000      0x304
 .debug_frame   0x00000000       0x5c ./Src/debugger_driver.o
 .debug_frame   0x0000005c       0x30 ./Src/gpio_driver.o
 .debug_frame   0x0000008c       0x78 ./Src/main.o
 .debug_frame   0x00000104       0x7c ./Src/rcc_driver.o
 .debug_frame   0x00000180      0x158 ./Src/uart_driver.o
 .debug_frame   0x000002d8       0x2c /opt/st/stm32cubeide_1.15.1/plugins/com.st.stm32cube.ide.mcu.externaltools.gnu-tools-for-stm32.12.3.rel1.linux64_1.0.100.202403111256/tools/bin/../lib/gcc/arm-none-eabi/12.3.1/../../../../arm-none-eabi/lib/thumb/v7e-m+fp/hard/libc_nano.a(libc_a-init.o)

.debug_line_str
                0x00000000       0x55
 .debug_line_str
                0x00000000       0x55 ./Startup/startup_stm32f407vgtx.o
